Archive member included to satisfy reference by file (symbol)

/usr/lib/gcc/avr/14.2.0/avr5/libgcc.a(_udivmodhi4.o)
                              lcd.o (__udivmodhi4)
/usr/lib/gcc/avr/14.2.0/avr5/libgcc.a(_exit.o)
                              /usr/lib/gcc/avr/14.2.0/../../../avr/lib/avr5/crtatmega328p.o (exit)
/usr/lib/gcc/avr/14.2.0/avr5/libgcc.a(_copy_data.o)
                              main.o (__do_copy_data)
/usr/lib/gcc/avr/14.2.0/avr5/libgcc.a(_clear_bss.o)
                              main.o (__do_clear_bss)
/usr/lib/gcc/avr/14.2.0/../../../avr/lib/avr5/libc.a(toupper.o)
                              morse.o (toupper)
/usr/lib/gcc/avr/14.2.0/../../../avr/lib/avr5/libc.a(strcmp.o)
                              morse.o (strcmp)

Discarded input sections

 .data          0x00000000        0x0 /usr/lib/gcc/avr/14.2.0/../../../avr/lib/avr5/crtatmega328p.o
 .bss           0x00000000        0x0 /usr/lib/gcc/avr/14.2.0/../../../avr/lib/avr5/crtatmega328p.o
 .text          0x00000000        0x0 main.o
 .data          0x00000000        0x0 main.o
 .bss           0x00000000        0x0 main.o
 .bss.button_state
                0x00000000        0x1 main.o
 .text          0x00000000        0x0 morse.o
 .data          0x00000000        0x0 morse.o
 .bss           0x00000000        0x0 morse.o
 .text          0x00000000        0x0 uart.o
 .data          0x00000000        0x0 uart.o
 .bss           0x00000000        0x0 uart.o
 .text.uart_flush
                0x00000000       0x12 uart.o
 .text          0x00000000        0x0 lcd.o
 .data          0x00000000        0x0 lcd.o
 .bss           0x00000000        0x0 lcd.o
 .text.lcd_home
                0x00000000        0x6 lcd.o
 .text          0x00000000        0x0 timer.o
 .data          0x00000000        0x0 timer.o
 .bss           0x00000000        0x0 timer.o
 .text.timer_delay_complete
                0x00000000       0x52 timer.o
 .text.timer_set_callback
                0x00000000       0x36 timer.o
 .text.timer_clear_callback
                0x00000000       0x16 timer.o
 .text          0x00000000        0x0 /usr/lib/gcc/avr/14.2.0/avr5/libgcc.a(_udivmodhi4.o)
 .data          0x00000000        0x0 /usr/lib/gcc/avr/14.2.0/avr5/libgcc.a(_udivmodhi4.o)
 .bss           0x00000000        0x0 /usr/lib/gcc/avr/14.2.0/avr5/libgcc.a(_udivmodhi4.o)
 .text.libgcc.mul
                0x00000000        0x0 /usr/lib/gcc/avr/14.2.0/avr5/libgcc.a(_udivmodhi4.o)
 .text.libgcc   0x00000000        0x0 /usr/lib/gcc/avr/14.2.0/avr5/libgcc.a(_udivmodhi4.o)
 .text.libgcc.prologue
                0x00000000        0x0 /usr/lib/gcc/avr/14.2.0/avr5/libgcc.a(_udivmodhi4.o)
 .text.libgcc.builtins
                0x00000000        0x0 /usr/lib/gcc/avr/14.2.0/avr5/libgcc.a(_udivmodhi4.o)
 .text.libgcc.fmul
                0x00000000        0x0 /usr/lib/gcc/avr/14.2.0/avr5/libgcc.a(_udivmodhi4.o)
 .text.libgcc.fixed
                0x00000000        0x0 /usr/lib/gcc/avr/14.2.0/avr5/libgcc.a(_udivmodhi4.o)
 .text          0x00000000        0x0 /usr/lib/gcc/avr/14.2.0/avr5/libgcc.a(_exit.o)
 .data          0x00000000        0x0 /usr/lib/gcc/avr/14.2.0/avr5/libgcc.a(_exit.o)
 .bss           0x00000000        0x0 /usr/lib/gcc/avr/14.2.0/avr5/libgcc.a(_exit.o)
 .text.libgcc.mul
                0x00000000        0x0 /usr/lib/gcc/avr/14.2.0/avr5/libgcc.a(_exit.o)
 .text.libgcc.div
                0x00000000        0x0 /usr/lib/gcc/avr/14.2.0/avr5/libgcc.a(_exit.o)
 .text.libgcc   0x00000000        0x0 /usr/lib/gcc/avr/14.2.0/avr5/libgcc.a(_exit.o)
 .text.libgcc.prologue
                0x00000000        0x0 /usr/lib/gcc/avr/14.2.0/avr5/libgcc.a(_exit.o)
 .text.libgcc.builtins
                0x00000000        0x0 /usr/lib/gcc/avr/14.2.0/avr5/libgcc.a(_exit.o)
 .text.libgcc.fmul
                0x00000000        0x0 /usr/lib/gcc/avr/14.2.0/avr5/libgcc.a(_exit.o)
 .text.libgcc.fixed
                0x00000000        0x0 /usr/lib/gcc/avr/14.2.0/avr5/libgcc.a(_exit.o)
 .text          0x00000000        0x0 /usr/lib/gcc/avr/14.2.0/avr5/libgcc.a(_copy_data.o)
 .data          0x00000000        0x0 /usr/lib/gcc/avr/14.2.0/avr5/libgcc.a(_copy_data.o)
 .bss           0x00000000        0x0 /usr/lib/gcc/avr/14.2.0/avr5/libgcc.a(_copy_data.o)
 .text.libgcc.mul
                0x00000000        0x0 /usr/lib/gcc/avr/14.2.0/avr5/libgcc.a(_copy_data.o)
 .text.libgcc.div
                0x00000000        0x0 /usr/lib/gcc/avr/14.2.0/avr5/libgcc.a(_copy_data.o)
 .text.libgcc   0x00000000        0x0 /usr/lib/gcc/avr/14.2.0/avr5/libgcc.a(_copy_data.o)
 .text.libgcc.prologue
                0x00000000        0x0 /usr/lib/gcc/avr/14.2.0/avr5/libgcc.a(_copy_data.o)
 .text.libgcc.builtins
                0x00000000        0x0 /usr/lib/gcc/avr/14.2.0/avr5/libgcc.a(_copy_data.o)
 .text.libgcc.fmul
                0x00000000        0x0 /usr/lib/gcc/avr/14.2.0/avr5/libgcc.a(_copy_data.o)
 .text.libgcc.fixed
                0x00000000        0x0 /usr/lib/gcc/avr/14.2.0/avr5/libgcc.a(_copy_data.o)
 .text          0x00000000        0x0 /usr/lib/gcc/avr/14.2.0/avr5/libgcc.a(_clear_bss.o)
 .data          0x00000000        0x0 /usr/lib/gcc/avr/14.2.0/avr5/libgcc.a(_clear_bss.o)
 .bss           0x00000000        0x0 /usr/lib/gcc/avr/14.2.0/avr5/libgcc.a(_clear_bss.o)
 .text.libgcc.mul
                0x00000000        0x0 /usr/lib/gcc/avr/14.2.0/avr5/libgcc.a(_clear_bss.o)
 .text.libgcc.div
                0x00000000        0x0 /usr/lib/gcc/avr/14.2.0/avr5/libgcc.a(_clear_bss.o)
 .text.libgcc   0x00000000        0x0 /usr/lib/gcc/avr/14.2.0/avr5/libgcc.a(_clear_bss.o)
 .text.libgcc.prologue
                0x00000000        0x0 /usr/lib/gcc/avr/14.2.0/avr5/libgcc.a(_clear_bss.o)
 .text.libgcc.builtins
                0x00000000        0x0 /usr/lib/gcc/avr/14.2.0/avr5/libgcc.a(_clear_bss.o)
 .text.libgcc.fmul
                0x00000000        0x0 /usr/lib/gcc/avr/14.2.0/avr5/libgcc.a(_clear_bss.o)
 .text.libgcc.fixed
                0x00000000        0x0 /usr/lib/gcc/avr/14.2.0/avr5/libgcc.a(_clear_bss.o)
 .text          0x00000000        0x0 /usr/lib/gcc/avr/14.2.0/../../../avr/lib/avr5/libc.a(toupper.o)
 .data          0x00000000        0x0 /usr/lib/gcc/avr/14.2.0/../../../avr/lib/avr5/libc.a(toupper.o)
 .bss           0x00000000        0x0 /usr/lib/gcc/avr/14.2.0/../../../avr/lib/avr5/libc.a(toupper.o)
 .text          0x00000000        0x0 /usr/lib/gcc/avr/14.2.0/../../../avr/lib/avr5/libc.a(strcmp.o)
 .data          0x00000000        0x0 /usr/lib/gcc/avr/14.2.0/../../../avr/lib/avr5/libc.a(strcmp.o)
 .bss           0x00000000        0x0 /usr/lib/gcc/avr/14.2.0/../../../avr/lib/avr5/libc.a(strcmp.o)

Memory Configuration

Name             Origin             Length             Attributes
text             0x00000000         0x00008000         xr
data             0x00800100         0x00000800         rw!x
eeprom           0x00810000         0x00000400         rw!x
fuse             0x00820000         0x00000003         rw!x
lock             0x00830000         0x00000400         rw!x
signature        0x00840000         0x00000400         rw!x
user_signatures  0x00850000         0x00000400         rw!x
*default*        0x00000000         0xffffffff

Linker script and memory map

Address of section .data set to 0x800100
LOAD /usr/lib/gcc/avr/14.2.0/../../../avr/lib/avr5/crtatmega328p.o
LOAD main.o
LOAD morse.o
LOAD uart.o
LOAD lcd.o
LOAD timer.o
START GROUP
LOAD /usr/lib/gcc/avr/14.2.0/avr5/libgcc.a
LOAD /usr/lib/gcc/avr/14.2.0/../../../avr/lib/avr5/libm.a
LOAD /usr/lib/gcc/avr/14.2.0/../../../avr/lib/avr5/libc.a
LOAD /usr/lib/gcc/avr/14.2.0/../../../avr/lib/avr5/libatmega328p.a
END GROUP
                [0x00000000]                      __TEXT_REGION_ORIGIN__ = DEFINED (__TEXT_REGION_ORIGIN__)?__TEXT_REGION_ORIGIN__:0x0
                [0x00008000]                      __TEXT_REGION_LENGTH__ = DEFINED (__TEXT_REGION_LENGTH__)?__TEXT_REGION_LENGTH__:0x20000
                [0x00800100]                      __DATA_REGION_ORIGIN__ = DEFINED (__DATA_REGION_ORIGIN__)?__DATA_REGION_ORIGIN__:0x800060
                [0x00000800]                      __DATA_REGION_LENGTH__ = DEFINED (__DATA_REGION_LENGTH__)?__DATA_REGION_LENGTH__:0xffa0
                [0x00000400]                      __EEPROM_REGION_LENGTH__ = DEFINED (__EEPROM_REGION_LENGTH__)?__EEPROM_REGION_LENGTH__:0x10000
                [0x00000003]                      __FUSE_REGION_LENGTH__ = DEFINED (__FUSE_REGION_LENGTH__)?__FUSE_REGION_LENGTH__:0x400
                0x00000400                        __LOCK_REGION_LENGTH__ = DEFINED (__LOCK_REGION_LENGTH__)?__LOCK_REGION_LENGTH__:0x400
                0x00000400                        __SIGNATURE_REGION_LENGTH__ = DEFINED (__SIGNATURE_REGION_LENGTH__)?__SIGNATURE_REGION_LENGTH__:0x400
                0x00000400                        __USER_SIGNATURE_REGION_LENGTH__ = DEFINED (__USER_SIGNATURE_REGION_LENGTH__)?__USER_SIGNATURE_REGION_LENGTH__:0x400

.hash
 *(.hash)

.dynsym
 *(.dynsym)

.dynstr
 *(.dynstr)

.gnu.version
 *(.gnu.version)

.gnu.version_d
 *(.gnu.version_d)

.gnu.version_r
 *(.gnu.version_r)

.rel.init
 *(.rel.init)

.rela.init
 *(.rela.init)

.rel.text
 *(.rel.text)
 *(.rel.text.*)
 *(.rel.gnu.linkonce.t*)

.rela.text
 *(.rela.text)
 *(.rela.text.*)
 *(.rela.gnu.linkonce.t*)

.rel.fini
 *(.rel.fini)

.rela.fini
 *(.rela.fini)

.rel.rodata
 *(.rel.rodata)
 *(.rel.rodata.*)
 *(.rel.gnu.linkonce.r*)

.rela.rodata
 *(.rela.rodata)
 *(.rela.rodata.*)
 *(.rela.gnu.linkonce.r*)

.rel.data
 *(.rel.data)
 *(.rel.data.*)
 *(.rel.gnu.linkonce.d*)

.rela.data
 *(.rela.data)
 *(.rela.data.*)
 *(.rela.gnu.linkonce.d*)

.rel.ctors
 *(.rel.ctors)

.rela.ctors
 *(.rela.ctors)

.rel.dtors
 *(.rel.dtors)

.rela.dtors
 *(.rela.dtors)

.rel.got
 *(.rel.got)

.rela.got
 *(.rela.got)

.rel.bss
 *(.rel.bss)

.rela.bss
 *(.rela.bss)

.rel.plt
 *(.rel.plt)

.rela.plt
 *(.rela.plt)

.text           0x00000000      0xafe
 *(.vectors)
 .vectors       0x00000000       0x68 /usr/lib/gcc/avr/14.2.0/../../../avr/lib/avr5/crtatmega328p.o
                0x00000000                __vectors
                0x00000000                __vector_default
 *(.vectors)
 *(.progmem.gcc*)
                0x00000068                        . = ALIGN (0x2)
                0x00000068                        __trampolines_start = .
 *(.trampolines)
 .trampolines   0x00000068        0x0 linker stubs
 *(.trampolines*)
                0x00000068                        __trampolines_end = .
 *libprintf_flt.a:*(.progmem.data)
 *libc.a:*(.progmem.data)
 *(.progmem.*)
                0x00000068                        . = ALIGN (0x2)
 *(.lowtext)
 *(.lowtext*)
                0x00000068                        __ctors_start = .
 *(.ctors)
                0x00000068                        __ctors_end = .
                0x00000068                        __dtors_start = .
 *(.dtors)
                0x00000068                        __dtors_end = .
 SORT_BY_NAME(*)(.ctors)
 SORT_BY_NAME(*)(.dtors)
 *(.init0)
 .init0         0x00000068        0x0 /usr/lib/gcc/avr/14.2.0/../../../avr/lib/avr5/crtatmega328p.o
                0x00000068                __init
 *(.init0)
 *(.init1)
 *(.init1)
 *(.init2)
 .init2         0x00000068        0xc /usr/lib/gcc/avr/14.2.0/../../../avr/lib/avr5/crtatmega328p.o
 *(.init2)
 *(.init3)
 *(.init3)
 *(.init4)
 .init4         0x00000074       0x16 /usr/lib/gcc/avr/14.2.0/avr5/libgcc.a(_copy_data.o)
                0x00000074                __do_copy_data
 .init4         0x0000008a       0x10 /usr/lib/gcc/avr/14.2.0/avr5/libgcc.a(_clear_bss.o)
                0x0000008a                __do_clear_bss
 *(.init4)
 *(.init5)
 *(.init5)
 *(.init6)
 *(.init6)
 *(.init7)
 *(.init7)
 *(.init8)
 *(.init8)
 *(.init9)
 .init9         0x0000009a        0x8 /usr/lib/gcc/avr/14.2.0/../../../avr/lib/avr5/crtatmega328p.o
 *(.init9)
 *(.text)
 .text          0x000000a2        0x4 /usr/lib/gcc/avr/14.2.0/../../../avr/lib/avr5/crtatmega328p.o
                0x000000a2                __vector_22
                0x000000a2                __vector_24
                0x000000a2                __vector_12
                0x000000a2                __bad_interrupt
                0x000000a2                __vector_6
                0x000000a2                __vector_3
                0x000000a2                __vector_23
                0x000000a2                __vector_25
                0x000000a2                __vector_11
                0x000000a2                __vector_13
                0x000000a2                __vector_17
                0x000000a2                __vector_19
                0x000000a2                __vector_7
                0x000000a2                __vector_5
                0x000000a2                __vector_4
                0x000000a2                __vector_9
                0x000000a2                __vector_2
                0x000000a2                __vector_21
                0x000000a2                __vector_15
                0x000000a2                __vector_8
                0x000000a2                __vector_10
                0x000000a2                __vector_16
                0x000000a2                __vector_20
                0x000000a6                        . = ALIGN (0x2)
 *(.text.*)
 .text.gpio_init
                0x000000a6       0x16 main.o
                0x000000a6                gpio_init
 .text.clear_buffers
                0x000000bc       0x1a main.o
                0x000000bc                clear_buffers
 .text.__vector_1
                0x000000d6       0xe8 main.o
                0x000000d6                __vector_1
 .text.process_button_input
                0x000001be       0xdc main.o
                0x000001be                process_button_input
 .text.startup.main
                0x0000029a      0x17e main.o
                0x0000029a                main
 .text.char_to_morse
                0x00000418       0x32 morse.o
                0x00000418                char_to_morse
 .text.morse_to_char
                0x0000044a       0x4a morse.o
                0x0000044a                morse_to_char
 .text.transmit_dot
                0x00000494       0x12 morse.o
                0x00000494                transmit_dot
 .text.transmit_dash
                0x000004a6       0x12 morse.o
                0x000004a6                transmit_dash
 .text.transmit_gap
                0x000004b8        0x8 morse.o
                0x000004b8                transmit_gap
 .text.transmit_morse_sequence
                0x000004c0       0x4e morse.o
                0x000004c0                transmit_morse_sequence
 .text.encode_and_transmit_char
                0x0000050e       0x20 morse.o
                0x0000050e                encode_and_transmit_char
 .text.transmit_end_of_message
                0x0000052e       0x10 morse.o
                0x0000052e                transmit_end_of_message
 .text.add_morse_symbol
                0x0000053e       0x2a morse.o
                0x0000053e                add_morse_symbol
 .text.process_morse_input
                0x00000568       0x30 morse.o
                0x00000568                process_morse_input
 .text.complete_character
                0x00000598       0x5c morse.o
                0x00000598                complete_character
 .text.uart_init
                0x000005f4       0x24 uart.o
                0x000005f4                uart_init
 .text.__vector_18
                0x00000618       0x56 uart.o
                0x00000618                __vector_18
 .text.uart_send_char
                0x0000066e        0xe uart.o
                0x0000066e                uart_send_char
 .text.uart_send_string
                0x0000067c       0x18 uart.o
                0x0000067c                uart_send_string
 .text.uart_receive_char
                0x00000694       0x36 uart.o
                0x00000694                uart_receive_char
 .text.uart_data_available
                0x000006ca       0x12 uart.o
                0x000006ca                uart_data_available
 .text.lcd_delay_us.part.0
                0x000006dc       0x5c lcd.o
 .text.lcd_delay_us
                0x00000738       0x4a lcd.o
                0x00000738                lcd_delay_us
 .text.lcd_enable_pulse
                0x00000782       0x14 lcd.o
                0x00000782                lcd_enable_pulse
 .text.lcd_write_4bits
                0x00000796       0x20 lcd.o
                0x00000796                lcd_write_4bits
 .text.lcd_command
                0x000007b6       0x30 lcd.o
                0x000007b6                lcd_command
 .text.lcd_set_cursor
                0x000007e6       0x10 lcd.o
                0x000007e6                lcd_set_cursor
 .text.lcd_clear
                0x000007f6        0x6 lcd.o
                0x000007f6                lcd_clear
 .text.lcd_init
                0x000007fc       0x76 lcd.o
                0x000007fc                lcd_init
 .text.lcd_write_char
                0x00000872       0x20 lcd.o
                0x00000872                lcd_write_char
 .text.lcd_write_string
                0x00000892       0x18 lcd.o
                0x00000892                lcd_write_string
 .text.timer_init
                0x000008aa       0x26 timer.o
                0x000008aa                timer_init
 .text.__vector_14
                0x000008d0      0x14c timer.o
                0x000008d0                __vector_14
 .text.get_system_time_ms
                0x00000a1c       0x16 timer.o
                0x00000a1c                get_system_time_ms
 .text.timer_delay_ms
                0x00000a32       0x7e timer.o
                0x00000a32                timer_delay_ms
 .text.libgcc.div
                0x00000ab0       0x28 /usr/lib/gcc/avr/14.2.0/avr5/libgcc.a(_udivmodhi4.o)
                0x00000ab0                __udivmodhi4
 .text.avr-libc
                0x00000ad8       0x10 /usr/lib/gcc/avr/14.2.0/../../../avr/lib/avr5/libc.a(toupper.o)
                0x00000ad8                toupper
 .text.avr-libc
                0x00000ae8       0x12 /usr/lib/gcc/avr/14.2.0/../../../avr/lib/avr5/libc.a(strcmp.o)
                0x00000ae8                strcmp
                0x00000afa                        . = ALIGN (0x2)
 *(.fini9)
 .fini9         0x00000afa        0x0 /usr/lib/gcc/avr/14.2.0/avr5/libgcc.a(_exit.o)
                0x00000afa                exit
                0x00000afa                _exit
 *(.fini9)
 *(.fini8)
 *(.fini8)
 *(.fini7)
 *(.fini7)
 *(.fini6)
 *(.fini6)
 *(.fini5)
 *(.fini5)
 *(.fini4)
 *(.fini4)
 *(.fini3)
 *(.fini3)
 *(.fini2)
 *(.fini2)
 *(.fini1)
 *(.fini1)
 *(.fini0)
 .fini0         0x00000afa        0x4 /usr/lib/gcc/avr/14.2.0/avr5/libgcc.a(_exit.o)
 *(.fini0)
 *(.hightext)
 *(.hightext*)
 *(.progmemx.*)
                0x00000afe                        . = ALIGN (0x2)
 *(.jumptables)
 *(.jumptables*)
                0x00000afe                        _etext = .

.data           0x00800100      0x2ce load address 0x00000afe
                0x00800100                        PROVIDE (__data_start = .)
 *(.data)
 *(.data*)
 .data.last_button_state.1
                0x00800100        0x1 main.o
 *(.gnu.linkonce.d*)
 *(.rodata)
 *(.rodata*)
 .rodata.main.str1.1
                0x00800101       0xde main.o
                                 0xda (size before relaxing)
 .rodata.transmit_end_of_message.str1.1
                0x008001df        0x7 morse.o
 .rodata.morse_table
                0x008001df      0x1ef morse.o
 *(.gnu.linkonce.r*)
                0x008003ce                        . = ALIGN (0x2)
                0x008003ce                        _edata = .
                0x008003ce                        PROVIDE (__data_end = .)

.bss            0x008003ce       0xf4
                0x008003ce                        PROVIDE (__bss_start = .)
 *(.bss)
 *(.bss*)
 .bss.last_input_time.0
                0x008003ce        0x4 main.o
 .bss.button_pressed
                0x008003d2        0x1 main.o
                0x008003d2                button_pressed
 .bss.button_release_time
                0x008003d3        0x4 main.o
                0x008003d3                button_release_time
 .bss.button_press_start
                0x008003d7        0x4 main.o
                0x008003d7                button_press_start
 .bss.message_ready
                0x008003db        0x1 main.o
                0x008003db                message_ready
 .bss.decoded_index
                0x008003dc        0x1 main.o
                0x008003dc                decoded_index
 .bss.decoded_message
                0x008003dd       0x40 main.o
                0x008003dd                decoded_message
 .bss.input_index
                0x0080041d        0x1 main.o
                0x0080041d                input_index
 .bss.input_buffer
                0x0080041e       0x40 main.o
                0x0080041e                input_buffer
 .bss.system_mode
                0x0080045e        0x1 main.o
                0x0080045e                system_mode
 .bss.last_input_time
                0x0080045f        0x4 morse.o
                0x0080045f                last_input_time
 .bss.morse_buffer_index
                0x00800463        0x1 morse.o
                0x00800463                morse_buffer_index
 .bss.current_morse_buffer
                0x00800464        0x8 morse.o
                0x00800464                current_morse_buffer
 .bss.uart_rx_count
                0x0080046c        0x1 uart.o
 .bss.uart_rx_tail
                0x0080046d        0x1 uart.o
 .bss.uart_rx_head
                0x0080046e        0x1 uart.o
 .bss.uart_rx_buffer
                0x0080046f       0x40 uart.o
 .bss.callback_interval
                0x008004af        0x2 timer.o
                0x008004af                callback_interval
 .bss.callback_last_time
                0x008004b1        0x4 timer.o
                0x008004b1                callback_last_time
 .bss.timer_callback
                0x008004b5        0x2 timer.o
                0x008004b5                timer_callback
 .bss.delay_active
                0x008004b7        0x1 timer.o
                0x008004b7                delay_active
 .bss.delay_duration
                0x008004b8        0x2 timer.o
                0x008004b8                delay_duration
 .bss.delay_start_time
                0x008004ba        0x4 timer.o
                0x008004ba                delay_start_time
 .bss.system_time_ms
                0x008004be        0x4 timer.o
                0x008004be                system_time_ms
 *(COMMON)
                0x008004c2                        PROVIDE (__bss_end = .)
                0x00000afe                        __data_load_start = LOADADDR (.data)
                0x00000dcc                        __data_load_end = (__data_load_start + SIZEOF (.data))

.noinit         0x008004c2        0x0
                [!provide]                        PROVIDE (__noinit_start = .)
 *(.noinit .noinit.* .gnu.linkonce.n.*)
                [!provide]                        PROVIDE (__noinit_end = .)
                0x008004c2                        _end = .
                [!provide]                        PROVIDE (__heap_start = .)
                0x00000000                        __flmap_init_label = DEFINED (__flmap_noinit_start)?__flmap_noinit_start:0x0
                0x00000000                        __flmap = DEFINED (__flmap)?__flmap:0x0

.eeprom         0x00810000        0x0
 *(.eeprom*)
                0x00810000                        __eeprom_end = .

.fuse
 *(.fuse)
 *(.lfuse)
 *(.hfuse)
 *(.efuse)

.lock
 *(.lock*)

.signature
 *(.signature*)

.stab
 *(.stab)

.stabstr
 *(.stabstr)

.stab.excl
 *(.stab.excl)

.stab.exclstr
 *(.stab.exclstr)

.stab.index
 *(.stab.index)

.stab.indexstr
 *(.stab.indexstr)

.comment        0x00000000       0x12
 *(.comment)
 .comment       0x00000000       0x12 main.o
                                 0x13 (size before relaxing)
 .comment       0x00000012       0x13 morse.o
 .comment       0x00000012       0x13 uart.o
 .comment       0x00000012       0x13 lcd.o
 .comment       0x00000012       0x13 timer.o

.note.gnu.avr.deviceinfo
                0x00000000       0x40
 .note.gnu.avr.deviceinfo
                0x00000000       0x40 /usr/lib/gcc/avr/14.2.0/../../../avr/lib/avr5/crtatmega328p.o

.gnu.build.attributes
 *(.gnu.build.attributes .gnu.build.attributes.*)

.note.gnu.build-id
 *(.note.gnu.build-id)

.debug
 *(.debug)

.line
 *(.line)

.debug_srcinfo
 *(.debug_srcinfo)

.debug_sfnames
 *(.debug_sfnames)

.debug_aranges
 *(.debug_aranges)

.debug_pubnames
 *(.debug_pubnames)

.debug_info     0x00000000      0x5f4
 *(.debug_info .gnu.linkonce.wi.*)
 .debug_info    0x00000000      0x5f4 /usr/lib/gcc/avr/14.2.0/../../../avr/lib/avr5/crtatmega328p.o

.debug_abbrev   0x00000000      0x5a2
 *(.debug_abbrev)
 .debug_abbrev  0x00000000      0x5a2 /usr/lib/gcc/avr/14.2.0/../../../avr/lib/avr5/crtatmega328p.o

.debug_line     0x00000000       0x1d
 *(.debug_line .debug_line.* .debug_line_end)
 .debug_line    0x00000000       0x1d /usr/lib/gcc/avr/14.2.0/../../../avr/lib/avr5/crtatmega328p.o

.debug_frame
 *(.debug_frame)

.debug_str      0x00000000      0x208
 *(.debug_str)
 .debug_str     0x00000000      0x208 /usr/lib/gcc/avr/14.2.0/../../../avr/lib/avr5/crtatmega328p.o

.debug_loc
 *(.debug_loc)

.debug_macinfo
 *(.debug_macinfo)

.debug_weaknames
 *(.debug_weaknames)

.debug_funcnames
 *(.debug_funcnames)

.debug_typenames
 *(.debug_typenames)

.debug_varnames
 *(.debug_varnames)

.debug_pubtypes
 *(.debug_pubtypes)

.debug_ranges
 *(.debug_ranges)

.debug_addr
 *(.debug_addr)

.debug_line_str
 *(.debug_line_str)

.debug_loclists
 *(.debug_loclists)

.debug_macro
 *(.debug_macro)

.debug_names
 *(.debug_names)

.debug_rnglists
 *(.debug_rnglists)

.debug_str_offsets
 *(.debug_str_offsets)

.debug_sup
 *(.debug_sup)
OUTPUT(morse_transceiver.elf elf32-avr)
LOAD linker stubs
